Severity	Code	Description	Project	File	Line	Suppression State	Details
Error (active)	CS1519	Invalid token '{' in a member declaration	ECL3Q.Tests	C:\Users\bauernfeindm\source\ECL3Q\ECL3Q.Tests\FrameAndTaxonomyTests.cs	192		
Error (active)	CS0825	The contextual keyword 'var' may only appear within a local variable declaration or in script code	ECL3Q.Tests	C:\Users\bauernfeindm\source\ECL3Q\ECL3Q.Tests\FrameAndTaxonomyTests.cs	195		
Error (active)	CS0825	The contextual keyword 'var' may only appear within a local variable declaration or in script code	ECL3Q.Tests	C:\Users\bauernfeindm\source\ECL3Q\ECL3Q.Tests\FrameAndTaxonomyTests.cs	196		
Error (active)	CS0825	The contextual keyword 'var' may only appear within a local variable declaration or in script code	ECL3Q.Tests	C:\Users\bauernfeindm\source\ECL3Q\ECL3Q.Tests\FrameAndTaxonomyTests.cs	197		
Error (active)	CS0236	A field initializer cannot reference the non-static field, method, or property 'FrameAndTaxonomyTests.wSuper'	ECL3Q.Tests	C:\Users\bauernfeindm\source\ECL3Q\ECL3Q.Tests\FrameAndTaxonomyTests.cs	198		
Error (active)	CS0236	A field initializer cannot reference the non-static field, method, or property 'FrameAndTaxonomyTests.wEigen'	ECL3Q.Tests	C:\Users\bauernfeindm\source\ECL3Q\ECL3Q.Tests\FrameAndTaxonomyTests.cs	198		
Error (active)	CS0236	A field initializer cannot reference the non-static field, method, or property 'FrameAndTaxonomyTests.wSuper'	ECL3Q.Tests	C:\Users\bauernfeindm\source\ECL3Q\ECL3Q.Tests\FrameAndTaxonomyTests.cs	199		
Error (active)	CS0236	A field initializer cannot reference the non-static field, method, or property 'FrameAndTaxonomyTests.wEigen'	ECL3Q.Tests	C:\Users\bauernfeindm\source\ECL3Q\ECL3Q.Tests\FrameAndTaxonomyTests.cs	199		
Error (active)	CS0236	A field initializer cannot reference the non-static field, method, or property 'FrameAndTaxonomyTests.wSuper'	ECL3Q.Tests	C:\Users\bauernfeindm\source\ECL3Q\ECL3Q.Tests\FrameAndTaxonomyTests.cs	200		
Error (active)	CS0236	A field initializer cannot reference the non-static field, method, or property 'FrameAndTaxonomyTests.wEigen'	ECL3Q.Tests	C:\Users\bauernfeindm\source\ECL3Q\ECL3Q.Tests\FrameAndTaxonomyTests.cs	200		
Error (active)	CS0825	The contextual keyword 'var' may only appear within a local variable declaration or in script code	ECL3Q.Tests	C:\Users\bauernfeindm\source\ECL3Q\ECL3Q.Tests\FrameAndTaxonomyTests.cs	202		
Error (active)	CS0236	A field initializer cannot reference the non-static field, method, or property 'FrameAndTaxonomyTests.wSuper'	ECL3Q.Tests	C:\Users\bauernfeindm\source\ECL3Q\ECL3Q.Tests\FrameAndTaxonomyTests.cs	204		
Error (active)	CS0236	A field initializer cannot reference the non-static field, method, or property 'FrameAndTaxonomyTests.wEigen'	ECL3Q.Tests	C:\Users\bauernfeindm\source\ECL3Q\ECL3Q.Tests\FrameAndTaxonomyTests.cs	205		
Error (active)	CS0825	The contextual keyword 'var' may only appear within a local variable declaration or in script code	ECL3Q.Tests	C:\Users\bauernfeindm\source\ECL3Q\ECL3Q.Tests\FrameAndTaxonomyTests.cs	209		
Error (active)	CS0236	A field initializer cannot reference the non-static field, method, or property 'FrameAndTaxonomyTests.baseFrame'	ECL3Q.Tests	C:\Users\bauernfeindm\source\ECL3Q\ECL3Q.Tests\FrameAndTaxonomyTests.cs	209		
Error (active)	CS0236	A field initializer cannot reference the non-static field, method, or property 'FrameAndTaxonomyTests.val'	ECL3Q.Tests	C:\Users\bauernfeindm\source\ECL3Q\ECL3Q.Tests\FrameAndTaxonomyTests.cs	209		
Error (active)	CS0825	The contextual keyword 'var' may only appear within a local variable declaration or in script code	ECL3Q.Tests	C:\Users\bauernfeindm\source\ECL3Q\ECL3Q.Tests\FrameAndTaxonomyTests.cs	212		
Error (active)	CS0236	A field initializer cannot reference the non-static field, method, or property 'FrameAndTaxonomyTests.baseFrame'	ECL3Q.Tests	C:\Users\bauernfeindm\source\ECL3Q\ECL3Q.Tests\FrameAndTaxonomyTests.cs	212		
Error (active)	CS0825	The contextual keyword 'var' may only appear within a local variable declaration or in script code	ECL3Q.Tests	C:\Users\bauernfeindm\source\ECL3Q\ECL3Q.Tests\FrameAndTaxonomyTests.cs	213		
Error (active)	CS0236	A field initializer cannot reference the non-static field, method, or property 'FrameAndTaxonomyTests.maFrame'	ECL3Q.Tests	C:\Users\bauernfeindm\source\ECL3Q\ECL3Q.Tests\FrameAndTaxonomyTests.cs	213		
Error (active)	CS0236	A field initializer cannot reference the non-static field, method, or property 'FrameAndTaxonomyTests.model'	ECL3Q.Tests	C:\Users\bauernfeindm\source\ECL3Q\ECL3Q.Tests\FrameAndTaxonomyTests.cs	213		
Error (active)	CS0825	The contextual keyword 'var' may only appear within a local variable declaration or in script code	ECL3Q.Tests	C:\Users\bauernfeindm\source\ECL3Q\ECL3Q.Tests\FrameAndTaxonomyTests.cs	214		
Error (active)	CS0236	A field initializer cannot reference the non-static field, method, or property 'FrameAndTaxonomyTests.detector'	ECL3Q.Tests	C:\Users\bauernfeindm\source\ECL3Q\ECL3Q.Tests\FrameAndTaxonomyTests.cs	214		
Error (active)	CS0825	The contextual keyword 'var' may only appear within a local variable declaration or in script code	ECL3Q.Tests	C:\Users\bauernfeindm\source\ECL3Q\ECL3Q.Tests\FrameAndTaxonomyTests.cs	216		
Error (active)	CS0236	A field initializer cannot reference the non-static field, method, or property 'FrameAndTaxonomyTests.conflicts'	ECL3Q.Tests	C:\Users\bauernfeindm\source\ECL3Q\ECL3Q.Tests\FrameAndTaxonomyTests.cs	216		
Error (active)	IDE1007	The name 'Assert.Contains' does not exist in the current context.	ECL3Q.Tests	C:\Users\bauernfeindm\source\ECL3Q\ECL3Q.Tests\FrameAndTaxonomyTests.cs	218		
Error (active)	IDE1007	The name 'Contains' does not exist in the current context.	ECL3Q.Tests	C:\Users\bauernfeindm\source\ECL3Q\ECL3Q.Tests\FrameAndTaxonomyTests.cs	218		
Error (active)	CS1519	Invalid token '(' in a member declaration	ECL3Q.Tests	C:\Users\bauernfeindm\source\ECL3Q\ECL3Q.Tests\FrameAndTaxonomyTests.cs	218		
Error (active)	IDE1007	The name 'SigmaConflictCategory.Vakuum' does not exist in the current context.	ECL3Q.Tests	C:\Users\bauernfeindm\source\ECL3Q\ECL3Q.Tests\FrameAndTaxonomyTests.cs	218		
Error (active)	IDE1007	The name 'Vakuum' does not exist in the current context.	ECL3Q.Tests	C:\Users\bauernfeindm\source\ECL3Q\ECL3Q.Tests\FrameAndTaxonomyTests.cs	218		
Error (active)	IDE1007	The name 'categories' does not exist in the current context.	ECL3Q.Tests	C:\Users\bauernfeindm\source\ECL3Q\ECL3Q.Tests\FrameAndTaxonomyTests.cs	218		
Error (active)	CS1519	Invalid token ';' in a member declaration	ECL3Q.Tests	C:\Users\bauernfeindm\source\ECL3Q\ECL3Q.Tests\FrameAndTaxonomyTests.cs	218		
Error (active)	IDE1007	The name 'Assert.DoesNotContain' does not exist in the current context.	ECL3Q.Tests	C:\Users\bauernfeindm\source\ECL3Q\ECL3Q.Tests\FrameAndTaxonomyTests.cs	220		
Error (active)	IDE1007	The name 'DoesNotContain' does not exist in the current context.	ECL3Q.Tests	C:\Users\bauernfeindm\source\ECL3Q\ECL3Q.Tests\FrameAndTaxonomyTests.cs	220		
Error (active)	CS1519	Invalid token '(' in a member declaration	ECL3Q.Tests	C:\Users\bauernfeindm\source\ECL3Q\ECL3Q.Tests\FrameAndTaxonomyTests.cs	220		
Error (active)	IDE1007	The name 'SigmaConflictCategory.Inversion' does not exist in the current context.	ECL3Q.Tests	C:\Users\bauernfeindm\source\ECL3Q\ECL3Q.Tests\FrameAndTaxonomyTests.cs	220		
Error (active)	IDE1007	The name 'Inversion' does not exist in the current context.	ECL3Q.Tests	C:\Users\bauernfeindm\source\ECL3Q\ECL3Q.Tests\FrameAndTaxonomyTests.cs	220		
Error (active)	IDE1007	The name 'categories' does not exist in the current context.	ECL3Q.Tests	C:\Users\bauernfeindm\source\ECL3Q\ECL3Q.Tests\FrameAndTaxonomyTests.cs	220		
Error (active)	CS1519	Invalid token ';' in a member declaration	ECL3Q.Tests	C:\Users\bauernfeindm\source\ECL3Q\ECL3Q.Tests\FrameAndTaxonomyTests.cs	220		
Error (active)	CS1519	Invalid token '}' in a member declaration	ECL3Q.Tests	C:\Users\bauernfeindm\source\ECL3Q\ECL3Q.Tests\FrameAndTaxonomyTests.cs	221		
Error (active)	CS1519	Invalid token '{' in a member declaration	ECL3Q.Tests	C:\Users\bauernfeindm\source\ECL3Q\ECL3Q.Tests\ParserAndModalTests.cs	80		
Error (active)	CS1519	Invalid token '(' in a member declaration	ECL3Q.Tests	C:\Users\bauernfeindm\source\ECL3Q\ECL3Q.Tests\ParserAndModalTests.cs	81		
Error (active)	CS8124	Tuple must contain at least two elements.	ECL3Q.Tests	C:\Users\bauernfeindm\source\ECL3Q\ECL3Q.Tests\ParserAndModalTests.cs	81		
Error (active)	CS8124	Tuple must contain at least two elements.	ECL3Q.Tests	C:\Users\bauernfeindm\source\ECL3Q\ECL3Q.Tests\ParserAndModalTests.cs	81		
Error (active)	CS1026	) expected	ECL3Q.Tests	C:\Users\bauernfeindm\source\ECL3Q\ECL3Q.Tests\ParserAndModalTests.cs	81		
Error (active)	CS1519	Invalid token '=>' in a member declaration	ECL3Q.Tests	C:\Users\bauernfeindm\source\ECL3Q\ECL3Q.Tests\ParserAndModalTests.cs	81		
Error (active)	CS1519	Invalid token '(' in a member declaration	ECL3Q.Tests	C:\Users\bauernfeindm\source\ECL3Q\ECL3Q.Tests\ParserAndModalTests.cs	81		
Error (active)	CS1031	Type expected	ECL3Q.Tests	C:\Users\bauernfeindm\source\ECL3Q\ECL3Q.Tests\ParserAndModalTests.cs	81		
Error (active)	CS8124	Tuple must contain at least two elements.	ECL3Q.Tests	C:\Users\bauernfeindm\source\ECL3Q\ECL3Q.Tests\ParserAndModalTests.cs	81		
Error (active)	CS1026	) expected	ECL3Q.Tests	C:\Users\bauernfeindm\source\ECL3Q\ECL3Q.Tests\ParserAndModalTests.cs	81		
Error (active)	CS1519	Invalid token '"@invalid"' in a member declaration	ECL3Q.Tests	C:\Users\bauernfeindm\source\ECL3Q\ECL3Q.Tests\ParserAndModalTests.cs	81		
Error (active)	CS1519	Invalid token '}' in a member declaration	ECL3Q.Tests	C:\Users\bauernfeindm\source\ECL3Q\ECL3Q.Tests\ParserAndModalTests.cs	82		
Error (active)	CS1002	; expected	ECL3Q.Tests	C:\Users\bauernfeindm\source\ECL3Q\ECL3Q.Tests\ParserAndModalTests.cs	145		
Error (active)	CS1519	Invalid token '{' in a member declaration	ECL3Q.Tests	C:\Users\bauernfeindm\source\ECL3Q\ECL3Q.Tests\SemanticTests.cs	254		
Error (active)	CS1519	Invalid token '(' in a member declaration	ECL3Q.Tests	C:\Users\bauernfeindm\source\ECL3Q\ECL3Q.Tests\SemanticTests.cs	265		
Error (active)	CS1026	) expected	ECL3Q.Tests	C:\Users\bauernfeindm\source\ECL3Q\ECL3Q.Tests\SemanticTests.cs	265		
Error (active)	CS1519	Invalid token ')' in a member declaration	ECL3Q.Tests	C:\Users\bauernfeindm\source\ECL3Q\ECL3Q.Tests\SemanticTests.cs	265		
Error (active)	CS1519	Invalid token '}' in a member declaration	ECL3Q.Tests	C:\Users\bauernfeindm\source\ECL3Q\ECL3Q.Tests\SemanticTests.cs	266		
Error (active)	CS1022	Type or namespace definition, or end-of-file expected	ECL3Q.Tests	C:\Users\bauernfeindm\source\ECL3Q\ECL3Q.Tests\SemanticTests.cs	308		
Error (active)	CS1513	} expected	ECL3Q.Tests	C:\Users\bauernfeindm\source\ECL3Q\ECL3Q.Tests\SemanticTests.cs	320		
Error (active)	CS0116	A namespace cannot directly contain members such as fields, methods or statements	ECL3Q.Tests	C:\Users\bauernfeindm\source\ECL3Q\ECL3Q.Tests\SemanticTests.cs	323		
Error (active)	CS1026	) expected	ECL3Q.Tests	C:\Users\bauernfeindm\source\ECL3Q\ECL3Q.Tests\SemanticTests.cs	323		
Error (active)	CS8124	Tuple must contain at least two elements.	ECL3Q.Tests	C:\Users\bauernfeindm\source\ECL3Q\ECL3Q.Tests\SemanticTests.cs	323		
Error (active)	CS1026	) expected	ECL3Q.Tests	C:\Users\bauernfeindm\source\ECL3Q\ECL3Q.Tests\SemanticTests.cs	323		
Error (active)	CS8124	Tuple must contain at least two elements.	ECL3Q.Tests	C:\Users\bauernfeindm\source\ECL3Q\ECL3Q.Tests\SemanticTests.cs	323		
Error (active)	CS1022	Type or namespace definition, or end-of-file expected	ECL3Q.Tests	C:\Users\bauernfeindm\source\ECL3Q\ECL3Q.Tests\SemanticTests.cs	323		
Error (active)	CS0116	A namespace cannot directly contain members such as fields, methods or statements	ECL3Q.Tests	C:\Users\bauernfeindm\source\ECL3Q\ECL3Q.Tests\SemanticTests.cs	323		
Error (active)	CS1022	Type or namespace definition, or end-of-file expected	ECL3Q.Tests	C:\Users\bauernfeindm\source\ECL3Q\ECL3Q.Tests\SemanticTests.cs	323		
Error (active)	CS1022	Type or namespace definition, or end-of-file expected	ECL3Q.Tests	C:\Users\bauernfeindm\source\ECL3Q\ECL3Q.Tests\SemanticTests.cs	324		
Error (active)	CS1022	Type or namespace definition, or end-of-file expected	ECL3Q.Tests	C:\Users\bauernfeindm\source\ECL3Q\ECL3Q.Tests\SemanticTests.cs	325		
